	<!-- Generated Script includes -->
	<script src='tmp/scripts/page2/script3.js'></script>
	<script src='tmp/scripts/page2/script4.js'></script>
	<!-- /Generated Script includes -->
