	<!-- Generated Script includes -->
	<script src='../tmp/scripts/page1/script1.js'></script>
	<script src='../tmp/scripts/page1/script2.js'></script>
	<!-- /Generated Script includes -->
